# Source: jxboot-helmfile-resources/templates/environments.yaml
apiVersion: jenkins.io/v1
kind: Environment
metadata:
  labels:
    env: "staging"
    team: jx
  name: "staging"
spec:
  source:
    ref: "master"
    url: https://github.com/myorg/environment-mycluster-staging.git
  kind: Permanent
  label: Staging
  namespace: jx-staging
  promotionStrategy: "Auto"
  order: 100
