# Source: jxboot-helmfile-resources/templates/700-nexus-ing.yaml
apiVersion: networking.k8s.io/v1
kind: Ingress
metadata:
  annotations:
    kubernetes.io/ingress.class: nginx
  name: nexus
spec:
  rules:
  - http:
      paths:
      - pathType: ImplementationSpecific
        backend:
          service:
            name: nexus
            port:
              number: 80
