# Source: jxboot-helmfile-resources/templates/jx-gcjobs-crb.yaml
apiVersion: rbac.authorization.k8s.io/v1
kind: ClusterRoleBinding
metadata:
  name: gcjobs
roleRef:
  apiGroup: rbac.authorization.k8s.io
  kind: ClusterRole
  name: gcjobs
subjects:
  - kind: ServiceAccount
    name: jx-gcjobs
    namespace: jx
