# Source: jxboot-helmfile-resources/templates/build-bot-clusterrolebinding.yaml
apiVersion: rbac.authorization.k8s.io/v1
kind: ClusterRoleBinding
metadata:
  name:  "tekton-bot-jx"
roleRef:
  apiGroup: rbac.authorization.k8s.io
  kind: ClusterRole
  name: cluster-admin
subjects:
- kind: ServiceAccount
  name:  "tekton-bot"
  namespace: jx
