# Source: jxboot-helmfile-resources/templates/maven-settings-secret.yaml
apiVersion: v1
kind: Secret
type: Opaque
metadata:
  name: jenkins-maven-settings
data:
  settings.xml: ""
