# Source: jxboot-helmfile-resources/templates/jx-basic-auth-htpasswd-secret.yaml
apiVersion: v1
data:
  auth: ""
kind: Secret
metadata:
  name: jx-basic-auth-htpasswd
type: Opaque
