# Source: jxboot-helmfile-resources/templates/local-secrets.yaml
apiVersion: v1
kind: Secret
metadata:
  name: jx-local-secrets
type: Opaque
data:
  secrets.yaml: "c2VjcmV0czoKICBhZG1pblVzZXI6CiAgICBwYXNzd29yZDogIiIKICAgIHVzZXJuYW1lOiBhZG1pbgogIGNoYXJ0TXVzZXVtOgogICAgcGFzc3dvcmQ6ICIiCiAgICB1c2VybmFtZTogIiIKICBkb2NrZXJDb25maWc6ICd7fScKICBmZWF0dXJlRmxhZ0FQSUtleTogIiIKICBncGc6CiAgICBlbmFibGVkOiBmYWxzZQogICAgcHVicmluZzogIiIKICAgIHNlY2plbmtpbnM6ICIiCiAgICBzZWNyaW5nOiAiIgogICAgdHJ1c3RkYjogIiIKICBrYW5pa29TZWNyZXQ6ICIiCiAgbWF2ZW5TZXR0aW5nczogIiIKICBucG1Ub2tlbjogIiIKICBwaXBlbGluZVVzZXI6CiAgICBlbWFpbDogIiIKICAgIHRva2VuOiAiIgogICAgdXNlcm5hbWU6ICIiCiAgdGVrdG9uQnVja2V0OiAiIg=="
