# Source: jxboot-helmfile-resources/templates/tekton-container-registry-auth-secret.yaml
apiVersion: v1
data:
  .dockerconfigjson: "e30="
kind: Secret
metadata:
  name: tekton-container-registry-auth
  annotations:
    tekton.dev/docker-0: "https://index.docker.io/v1/"
  labels:
    app.kubernetes.io/component: webhook
    app.kubernetes.io/instance: default
    app.kubernetes.io/part-of: tekton-pipelines
    secret.jenkins-x.io/replica-source: "true"
type: kubernetes.io/dockerconfigjson
