# Source: jxboot-helmfile-resources/templates/tekton-git-secret.yaml
apiVersion: v1
data:
  password: "bXlwd2Q="
  username: "bXl1c2Vy"
kind: Secret
metadata:
  name: tekton-git
  annotations:
    tekton.dev/git-0: "https://github.com"
  labels:
    app.kubernetes.io/component: controller
    app.kubernetes.io/instance: default
    app.kubernetes.io/part-of: tekton-pipelines
type: kubernetes.io/basic-auth
