# Source: jxboot-helmfile-resources/templates/build-bot-clusterrole.yaml
apiVersion: rbac.authorization.k8s.io/v1
kind: ClusterRole
metadata:
  name: "tekton-bot"
rules:
- apiGroups:
  - apiextensions.k8s.io
  resources:
  - customresourcedefinitions
  verbs:
  - list
  - create
  - get
  - update
- apiGroups:
  - ""
  resources:
  - namespaces
  verbs:
  - create
  - get
- apiGroups:
  - extensions
  resources:
  - ingresses
  verbs:
  - get
  - list
  - watch
- apiGroups:
  - ""
  resources:
  - services
  verbs:
  - get
