# Source: jxboot-helmfile-resources/templates/jx-gcpods-role.yaml
apiVersion: rbac.authorization.k8s.io/v1
kind: Role
metadata:
  name: gcpods
rules:
  - apiGroups:
      - jenkins.io
    resources:
      - environments
      - plugins
    verbs:
      - get
      - list
      - watch
  - apiGroups:
      - ""
    resources:
      - pods
    verbs:
      - get
      - delete
      - list
