# Source: jxboot-helmfile-resources/templates/jx-pipeline-activity-reporter-role.yaml
apiVersion: rbac.authorization.k8s.io/v1
kind: Role
metadata:
  name: jx-pipeline-activity-updater
rules:
- apiGroups:
    - jenkins.io
  resources:
    - '*'
  verbs:
    - '*'
