# Source: jxboot-helmfile-resources/templates/jx-view-role.yaml
apiVersion: rbac.authorization.k8s.io/v1
kind: Role
metadata:
  name: jx-view
rules:
- apiGroups:
  - jenkins.io
  resources:
  - teams
  verbs:
  - list
  - get
- apiGroups:
  - jenkins.io
  resources:
  - environments
  verbs:
  - list
  - get
- apiGroups:
  - prow.k8s.io
  resources:
  - prowjobs
  verbs:
  - create
