# Source: jxboot-helmfile-resources/templates/jx-gcpods-sa.yaml
apiVersion: v1
kind: ServiceAccount
metadata:
  name: jx-gcpods
