# Source: jxboot-helmfile-resources/templates/jx-gcactivities-sa.yaml
apiVersion: v1
kind: ServiceAccount
metadata:
  name: jx-gcactivities
