# Source: jxboot-helmfile-resources/templates/jenkins-x-extensions-config.yaml
apiVersion: v1
kind: ConfigMap
metadata:
  name: "jenkins-x-extensions"
data:  
  knownRepositories: |
    repositories:
    - chart: {}
      github: jenkins-x/jenkins-x-extensions
  repository: |
    chart: {}
    github: jenkins-x/jenkins-x-extensions
