# Source: jxboot-helmfile-resources/templates/jenkins-x-docker-registry.yaml
apiVersion: v1
kind: ConfigMap
metadata:
  name: jenkins-x-docker-registry
  annotations:
    expose.config.fabric8.io/clusterip-port-if-empty-key: docker.registry
data:
  kaniko.flags: "--skip-unused-stages --snapshotMode=redo"
  docker.registry: docker-registry
